Janet@Jannettejg2 MINGW64 ~/.git (GIT_DIR!)
$ git clone https://github.com/Jannettejg2/ProyectobeduBD.git
Cloning into 'ProyectobeduBD'...
remote: Enumerating objects: 4, done.
remote: Counting objects: 100% (4/4), done.
remote: Compressing objects: 100% (3/3), done.
remote: Total 4 (delta 0), reused 0 (delta 0), pack-reused 0
Unpacking objects: 100% (4/4), 1010 bytes | 3.00 KiB/s, done.

Janet@Jannettejg2 MINGW64 ~/.git (GIT_DIR!)
$ mkDir Miproyecto1

Janet@Jannettejg2 MINGW64 ~/.git (GIT_DIR!)
$ ls
COMMIT_EDITMSG  description  hooks/  info/  Miproyecto1/  ProyectobeduBD/
config          HEAD         index   logs/  objects/      refs/

Janet@Jannettejg2 MINGW64 ~/.git (GIT_DIR!)
$ cd Miproyecto1

Janet@Jannettejg2 MINGW64 ~/.git/Miproyecto1 (GIT_DIR!)
$ cd ..

Janet@Jannettejg2 MINGW64 ~/.git (GIT_DIR!)
$ ls
COMMIT_EDITMSG  description  hooks/  info/  Miproyecto1/  ProyectobeduBD/
config          HEAD         index   logs/  objects/      refs/

Janet@Jannettejg2 MINGW64 ~/.git (GIT_DIR!)
$ mv Miproyecto1 ProyectobeduBD

Janet@Jannettejg2 MINGW64 ~/.git (GIT_DIR!)
$ LS
COMMIT_EDITMSG  description  hooks  info  objects         refs
config          HEAD         index  logs  ProyectobeduBD

Janet@Jannettejg2 MINGW64 ~/.git (GIT_DIR!)
$ cd ProyectobeduBD

Janet@Jannettejg2 MINGW64 ~/.git/ProyectobeduBD (master)
$ LS
Miproyecto1  README.md

Janet@Jannettejg2 MINGW64 ~/.git/ProyectobeduBD (master)
$ CD Miproyecto1
bash: CD: command not found

Janet@Jannettejg2 MINGW64 ~/.git/ProyectobeduBD (master)
$ cd Miproyecto1

Janet@Jannettejg2 MINGW64 ~/.git/ProyectobeduBD/Miproyecto1 (master)
$ ls
ejemplo1.txt

Janet@Jannettejg2 MINGW64 ~/.git/ProyectobeduBD/Miproyecto1 (master)
$ git add -A
warning: LF will be replaced by CRLF in Miproyecto1/ejemplo1.txt.
The file will have its original line endings in your working directory

Janet@Jannettejg2 MINGW64 ~/.git/ProyectobeduBD/Miproyecto1 (master)
$ git add ejemplo1
fatal: pathspec 'ejemplo1' did not match any files

Janet@Jannettejg2 MINGW64 ~/.git/ProyectobeduBD/Miproyecto1 (master)
$ git status
On branch master
Your branch is up to date with 'origin/master'.

Changes to be committed:
  (use "git restore --staged <file>..." to unstage)
        new file:   ejemplo1.txt


Janet@Jannettejg2 MINGW64 ~/.git/ProyectobeduBD/Miproyecto1 (master)
$ git commit -m
error: switch `m' requires a value

Janet@Jannettejg2 MINGW64 ~/.git/ProyectobeduBD/Miproyecto1 (master)
$ git add .

Janet@Jannettejg2 MINGW64 ~/.git/ProyectobeduBD/Miproyecto1 (master)
$ git add -A

Janet@Jannettejg2 MINGW64 ~/.git/ProyectobeduBD/Miproyecto1 (master)
$ git status
On branch master
Your branch is up to date with 'origin/master'.

Changes to be committed:
  (use "git restore --staged <file>..." to unstage)
        new file:   ejemplo1.txt


Janet@Jannettejg2 MINGW64 ~/.git/ProyectobeduBD/Miproyecto1 (master)
$ git commit -m "ejemplo
> git commit -m "ejemplo"
> ^C

Janet@Jannettejg2 MINGW64 ~/.git/ProyectobeduBD/Miproyecto1 (master)
$ git commit -m "ejemplo"
[master 509e3f5] ejemplo
 1 file changed, 202 insertions(+)
 create mode 100644 Miproyecto1/ejemplo1.txt

Janet@Jannettejg2 MINGW64 ~/.git/ProyectobeduBD/Miproyecto1 (master)
$ git log
commit 509e3f5a1fe7bf146eb83bd3e7915e4b7b880258 (HEAD -> master)
Author: Jannettejg2 <61663419+Jannettejg2@users.noreply.github.com>
Date:   Sun Mar 8 20:37:58 2020 -0600

    ejemplo

commit 66dabdbafe725fc3eea1fcfe84b2b471d6d0b5dc (origin/master, origin/HEAD)
Author: Jannettejg2 <61663419+Jannettejg2@users.noreply.github.com>
Date:   Fri Mar 6 22:08:17 2020 -0600

    Initial commit

Janet@Jannettejg2 MINGW64 ~/.git/ProyectobeduBD/Miproyecto1 (master)
$ git pull
Already up to date.

Janet@Jannettejg2 MINGW64 ~/.git/ProyectobeduBD/Miproyecto1 (master)
$ git push

Janet@Jannettejg2 MINGW64 ~/.git/ProyectobeduBD/Miproyecto1 (master)
$ git push origin master
Enumerating objects: 5, done.
Counting objects: 100% (5/5), done.
Delta compression using up to 4 threads
Compressing objects: 100% (3/3), done.
Writing objects: 100% (4/4), 3.54 KiB | 302.00 KiB/s, done.
Total 4 (delta 0), reused 0 (delta 0)
To https://github.com/Jannettejg2/ProyectobeduBD.git
   66dabdb..509e3f5  master -> master

Janet@Jannettejg2 MINGW64 ~/.git/ProyectobeduBD/Miproyecto1 (master)
$ git push origin master
Everything up-to-date
